============================= test session starts =============================
platform win32 -- Python 3.12.10, pytest-9.0.2, pluggy-1.6.0
rootdir: C:\Users\adcci\OneDrive - MSFT\Documentos\GeanAIOS\arth-executive
plugins: anyio-4.12.1, langsmith-0.7.12, asyncio-1.3.0
asyncio: mode=Mode.STRICT, debug=False, asyncio_default_fixture_loop_scope=None, asyncio_default_test_loop_scope=function
collected 0 items

============================== warnings summary ===============================
src\config.py:7
  C:\Users\adcci\OneDrive - MSFT\Documentos\GeanAIOS\arth-executive\src\config.py:7: PydanticDeprecatedSince20: Support for class-based `config` is deprecated, use ConfigDict instead. Deprecated in Pydantic V2.0 to be removed in V3.0. See Pydantic V2 Migration Guide at https://errors.pydantic.dev/2.12/migration/
    class Settings(BaseSettings):

src\core\graph.py:66
src\core\graph.py:66
src\core\graph.py:66
src\core\graph.py:66
src\core\graph.py:66
  C:\Users\adcci\OneDrive - MSFT\Documentos\GeanAIOS\arth-executive\src\core\graph.py:66: LangGraphDeprecatedSinceV10: create_react_agent has been moved to `langchain.agents`. Please update your import to `from langchain.agents import create_agent`. Deprecated in LangGraph V1.0 to be removed in V2.0.
    return create_react_agent(model=llm_with_fallbacks, tools=tools, prompt=system_prompt)

-- Docs: https://docs.pytest.org/en/stable/how-to/capture-warnings.html
============================= 6 warnings in 4.23s =============================
